{"logTime": "0918/185754", "correlationVector":"lFDlwuJBdrjDBueCqlKRWR.1","action":"SyncServerConnectionManagerRequest", "result":"SYNC_SERVER_OK", "context":{"environment":"Prod_southindia_prod-s01-004-apac-southindia", "migrationStage":"NotStarted", "server":"akswtt1070000bh"}}
{"logTime": "0918/185754", "correlationVector":"lFDlwuJBdrjDBueCqlKRWR.2","action":"ProcessGetUpdates", "result":"Done", "context":{"dataType":"Encryption Keys", "deleted":"0", "process_failed_to_decrypt":"0", "process_pending_decryption":"0", "process_success":"1", "total":"1"}}
{"logTime": "0918/185755", "correlationVector":"WG1CNEpjmeiQjZSWVaOYHx","action":"SyncServerConnectionManagerRequest", "result":"SYNC_SERVER_OK", "context":{"environment":"", "migrationStage":"", "server":""}}
{"logTime": "0918/185755", "correlationVector":"WG1CNEpjmeiQjZSWVaOYHx.0","action":"EncryptionKeysFetcher.DownloadKeys:", "result":"Success", "context":Key count: 10, Last key timestamp: 2026-05-10T02:35:46Z}
{"logTime": "0918/185755", "correlationVector":"WG1CNEpjmeiQjZSWVaOYHx.1","action":"EncryptionKeysManager::SetEncryptionKeys:", "result":"Success", "context":Key names[10]:[Wh5XDyloc1kWQscQa1EnnElIw3vUU7OI6J9pTfKPJCpDBIIYpfFy5dwG5hXEOKq/8/6xD6IasSDEr/LIEPj7yg==][IkysDqOWLk/CyiazfHXjbc0cdGrkduGGy7KWH9M/Q9QINOKsMMSxFakG6Xnb9LZA6naDGxUzLYcSxOidfiM9PQ==][pA4jHx5g14R9Hq3JYnBT5/+M9+qhQqLMtfS/apTcV3jAVqCKdkSkSeP3DKDvI/4AxGmk3lRqTg2k5x9/JsA3LQ==][8J05dHxL53tKxDRp9hnzM/KoyZTQJmvy9kv2MXoSr/VsVyqaAr1/XOoA/aJjeK9av+EpHhGyAiuApiz/qmEYdg==][pHm9vmry3Gr0qCmI6j9C1oSYLBvuHq9WtLqfuUk50xhxCIjho7XOIxwtemxZqmlPiCODYzVcEC+6OMOjUGDZkg==][3ag8DK2gXT4Adw4WbXHZ/kh0oxnLdj3j8RnomqzkGh1O4ytgzA5FO0Grcm38Wk25UAbMlvBG84R38F7QO1s+Eg==][tR4+x4GpYL9rAivruErEAfvXQJhr8a3XHHWjIk2c0zgq3/kDRuk2HX2I4sYZoVdnH2xCedL3RtxuoU33kDK+kw==][FL6ukYutM0viJ2xi89gPQE5YKGNwjXHLqhgnLoERbj5i51c/2gXh5qfxYmX28N630o3i2sEkWW2bUgOGnodKgw==][myGrVnlNKBW9gaFVnzeBcCf/Z5ievDdzmpReaHwxBzPk4wz0rC005aOkPFKZerZhG7LpbylAyF+TZDuJ5DEypQ==][zkSl/CNNlh6doQxRKLeNG4cvs7U77XA9jBxpg/Omuzzds0qeWHJqnKslJISiselJo4LKNkDwPCDl9wadM3p9Eg==]}
{"logTime": "0918/185755", "correlationVector":"WG1CNEpjmeiQjZSWVaOYHx.2","action":"EncryptionKeysManager::SetEncryptionKeysWithTimestamps:", "result":"Success", "context":Key timestamps[10]:[2021-09-20T03:00:26Z][2022-03-21T02:21:53Z][2022-09-17T17:01:20Z][2023-03-17T02:11:01Z][2024-01-09T06:44:45Z][2024-07-08T03:32:22Z][2024-12-15T14:29:06Z][2025-05-07T06:08:00Z][2025-11-05T02:48:40Z][2026-05-10T02:35:46Z]}
{"logTime": "0918/185755", "correlationVector":"lFDlwuJBdrjDBueCqlKRWR","action":"Initial GetUpdates", "result":"", "context":Reason: NEW_CLIENT. cV=lFDlwuJBdrjDBueCqlKRWR}
{"logTime": "0918/185755", "correlationVector":"lFDlwuJBdrjDBueCqlKRWR.3","action":"GetUpdates Response", "result":"Success", "context":Received 1 update(s). cV=lFDlwuJBdrjDBueCqlKRWR.0;server=akswtt1070000bh;cloudType=Consumer;environment=Prod_southindia_prod-s01-004-apac-southindia;migrationStage=NotStarted}
{"logTime": "0918/185807", "correlationVector":"BRFqKrKe3Qp8Xgo+J3hsKK","action":"Initial GetUpdates", "result":"", "context":Reason: NEWLY_SUPPORTED_DATATYPE. cV=BRFqKrKe3Qp8Xgo+J3hsKK}
{"logTime": "0918/185809", "correlationVector":"BRFqKrKe3Qp8Xgo+J3hsKK.1","action":"SyncServerConnectionManagerRequest", "result":"SYNC_SERVER_OK", "context":{"environment":"Prod_southindia_prod-s01-004-apac-southindia", "migrationStage":"NotStarted", "server":"akswtt107000049"}}
{"logTime": "0918/185809", "correlationVector":"BRFqKrKe3Qp8Xgo+J3hsKK.2","action":"ProcessGetUpdates", "result":"Done", "context":{"dataType":"Passwords", "deleted":"2", "process_failed_to_decrypt":"0", "process_pending_decryption":"0", "process_success":"157", "total":"157"}}
{"logTime": "0918/185809", "correlationVector":"BRFqKrKe3Qp8Xgo+J3hsKK.3","action":"ProcessGetUpdates", "result":"Done", "context":{"dataType":"Device Info", "deleted":"0", "process_failed_to_decrypt":"0", "process_pending_decryption":"0", "process_success":"5", "total":"5"}}
{"logTime": "0918/185809", "correlationVector":"BRFqKrKe3Qp8Xgo+J3hsKK.4","action":"GetUpdates Response", "result":"Success", "context":Received 162 update(s). cV=BRFqKrKe3Qp8Xgo+J3hsKK.0;server=akswtt107000049;cloudType=Consumer;environment=Prod_southindia_prod-s01-004-apac-southindia;migrationStage=NotStarted}
{"logTime": "0918/185809", "correlationVector":"aX98/c5odTYq4tZe/eFSd5","action":"Initial GetUpdates", "result":"", "context":Reason: NEWLY_SUPPORTED_DATATYPE. cV=aX98/c5odTYq4tZe/eFSd5}
{"logTime": "0918/185810", "correlationVector":"aX98/c5odTYq4tZe/eFSd5.1","action":"SyncServerConnectionManagerRequest", "result":"SYNC_SERVER_OK", "context":{"environment":"Prod_southindia_prod-s01-004-apac-southindia", "migrationStage":"NotStarted", "server":"akswtt10700004p"}}
{"logTime": "0918/185810", "correlationVector":"aX98/c5odTYq4tZe/eFSd5.2","action":"ProcessGetUpdates", "result":"Done", "context":{"dataType":"Bookmarks", "deleted":"0", "process_failed_to_decrypt":"0", "process_pending_decryption":"0", "process_success":"17", "total":"17"}}
{"logTime": "0918/185810", "correlationVector":"aX98/c5odTYq4tZe/eFSd5.3","action":"ProcessGetUpdates", "result":"Done", "context":{"dataType":"Preferences", "deleted":"0", "process_failed_to_decrypt":"0", "process_pending_decryption":"0", "process_success":"80", "total":"80"}}
{"logTime": "0918/185810", "correlationVector":"aX98/c5odTYq4tZe/eFSd5.4","action":"ProcessGetUpdates", "result":"Done", "context":{"dataType":"Autofill", "deleted":"0", "process_failed_to_decrypt":"0", "process_pending_decryption":"0", "process_success":"149", "total":"149"}}
{"logTime": "0918/185810", "correlationVector":"aX98/c5odTYq4tZe/eFSd5.5","action":"ProcessGetUpdates", "result":"Done", "context":{"dataType":"Extensions", "deleted":"0", "process_failed_to_decrypt":"0", "process_pending_decryption":"0", "process_success":"1", "total":"1"}}
{"logTime": "0918/185810", "correlationVector":"aX98/c5odTYq4tZe/eFSd5.6","action":"ProcessGetUpdates", "result":"Done", "context":{"dataType":"Saved Tab Group", "deleted":"0", "process_failed_to_decrypt":"0", "process_pending_decryption":"0", "process_success":"3", "total":"3"}}
{"logTime": "0918/185810", "correlationVector":"aX98/c5odTYq4tZe/eFSd5.7","action":"GetUpdates Response", "result":"Success", "context":Received 250 update(s). cV=aX98/c5odTYq4tZe/eFSd5.0;server=akswtt10700004p;cloudType=Consumer;environment=Prod_southindia_prod-s01-004-apac-southindia;migrationStage=NotStarted Some updates remain.}
{"logTime": "0918/185810", "correlationVector":"/7dpgP9S3gwjd38Wi/kLYD","action":"Initial GetUpdates", "result":"", "context":Reason: NEWLY_SUPPORTED_DATATYPE. cV=/7dpgP9S3gwjd38Wi/kLYD}
{"logTime": "0918/185814", "correlationVector":"/7dpgP9S3gwjd38Wi/kLYD.1","action":"SyncServerConnectionManagerRequest", "result":"SYNC_SERVER_OK", "context":{"environment":"Prod_southindia_prod-s01-004-apac-southindia", "migrationStage":"NotStarted", "server":"akswtt107000051"}}
{"logTime": "0918/185814", "correlationVector":"/7dpgP9S3gwjd38Wi/kLYD.2","action":"ProcessGetUpdates", "result":"Done", "context":{"dataType":"Bookmarks", "deleted":"0", "process_failed_to_decrypt":"0", "process_pending_decryption":"0", "process_success":"2", "total":"2"}}
{"logTime": "0918/185814", "correlationVector":"/7dpgP9S3gwjd38Wi/kLYD.3","action":"ProcessGetUpdates", "result":"Done", "context":{"dataType":"Preferences", "deleted":"0", "process_failed_to_decrypt":"0", "process_pending_decryption":"0", "process_success":"7", "total":"7"}}
{"logTime": "0918/185814", "correlationVector":"/7dpgP9S3gwjd38Wi/kLYD.4","action":"ProcessGetUpdates", "result":"Done", "context":{"dataType":"Autofill Profiles", "deleted":"0", "process_failed_to_decrypt":"0", "process_pending_decryption":"0", "process_success":"6", "total":"6"}}
{"logTime": "0918/185814", "correlationVector":"/7dpgP9S3gwjd38Wi/kLYD.5","action":"ProcessGetUpdates", "result":"Done", "context":{"dataType":"Autofill", "deleted":"0", "process_failed_to_decrypt":"0", "process_pending_decryption":"0", "process_success":"233", "total":"233"}}
{"logTime": "0918/185814", "correlationVector":"/7dpgP9S3gwjd38Wi/kLYD.6","action":"ProcessGetUpdates", "result":"Done", "context":{"dataType":"Saved Tab Group", "deleted":"2", "process_failed_to_decrypt":"0", "process_pending_decryption":"0", "process_success":"2", "total":"2"}}
{"logTime": "0918/185814", "correlationVector":"/7dpgP9S3gwjd38Wi/kLYD.7","action":"GetUpdates Response", "result":"Success", "context":Received 250 update(s). cV=/7dpgP9S3gwjd38Wi/kLYD.0;server=akswtt107000051;cloudType=Consumer;environment=Prod_southindia_prod-s01-004-apac-southindia;migrationStage=NotStarted Some updates remain.}
{"logTime": "0918/185814", "correlationVector":"00QcMxaRfFowWPKBBsAXwp","action":"Initial GetUpdates", "result":"", "context":Reason: NEWLY_SUPPORTED_DATATYPE. cV=00QcMxaRfFowWPKBBsAXwp}
{"logTime": "0918/185815", "correlationVector":"00QcMxaRfFowWPKBBsAXwp.1","action":"SyncServerConnectionManagerRequest", "result":"SYNC_SERVER_OK", "context":{"environment":"Prod_southindia_prod-s01-004-apac-southindia", "migrationStage":"NotStarted", "server":"akswtt107000054"}}
{"logTime": "0918/185815", "correlationVector":"00QcMxaRfFowWPKBBsAXwp.2","action":"ProcessGetUpdates", "result":"Done", "context":{"dataType":"Preferences", "deleted":"0", "process_failed_to_decrypt":"0", "process_pending_decryption":"0", "process_success":"1", "total":"1"}}
{"logTime": "0918/185815", "correlationVector":"00QcMxaRfFowWPKBBsAXwp.3","action":"ProcessGetUpdates", "result":"Done", "context":{"dataType":"Autofill", "deleted":"0", "process_failed_to_decrypt":"0", "process_pending_decryption":"0", "process_success":"249", "total":"249"}}
{"logTime": "0918/185815", "correlationVector":"00QcMxaRfFowWPKBBsAXwp.4","action":"GetUpdates Response", "result":"Success", "context":Received 250 update(s). cV=00QcMxaRfFowWPKBBsAXwp.0;server=akswtt107000054;cloudType=Consumer;environment=Prod_southindia_prod-s01-004-apac-southindia;migrationStage=NotStarted Some updates remain.}
{"logTime": "0918/185815", "correlationVector":"WeDVGIB5/MIvwfWziqSkXS","action":"Initial GetUpdates", "result":"", "context":Reason: NEWLY_SUPPORTED_DATATYPE. cV=WeDVGIB5/MIvwfWziqSkXS}
{"logTime": "0918/185817", "correlationVector":"WeDVGIB5/MIvwfWziqSkXS.1","action":"SyncServerConnectionManagerRequest", "result":"SYNC_SERVER_OK", "context":{"environment":"Prod_southindia_prod-s01-004-apac-southindia", "migrationStage":"NotStarted", "server":"akswtt1070000bh"}}
{"logTime": "0918/185817", "correlationVector":"WeDVGIB5/MIvwfWziqSkXS.2","action":"ProcessGetUpdates", "result":"Done", "context":{"dataType":"Autofill", "deleted":"0", "process_failed_to_decrypt":"0", "process_pending_decryption":"0", "process_success":"250", "total":"250"}}
{"logTime": "0918/185817", "correlationVector":"WeDVGIB5/MIvwfWziqSkXS.3","action":"GetUpdates Response", "result":"Success", "context":Received 250 update(s). cV=WeDVGIB5/MIvwfWziqSkXS.0;server=akswtt1070000bh;cloudType=Consumer;environment=Prod_southindia_prod-s01-004-apac-southindia;migrationStage=NotStarted Some updates remain.}
{"logTime": "0918/185817", "correlationVector":"K2oEKlqxvmSPDdtXu4AxwZ","action":"Initial GetUpdates", "result":"", "context":Reason: NEWLY_SUPPORTED_DATATYPE. cV=K2oEKlqxvmSPDdtXu4AxwZ}
{"logTime": "0918/185818", "correlationVector":"K2oEKlqxvmSPDdtXu4AxwZ.1","action":"SyncServerConnectionManagerRequest", "result":"SYNC_SERVER_OK", "context":{"environment":"Prod_southindia_prod-s01-004-apac-southindia", "migrationStage":"NotStarted", "server":"akswtt107000054"}}
{"logTime": "0918/185818", "correlationVector":"K2oEKlqxvmSPDdtXu4AxwZ.2","action":"ProcessGetUpdates", "result":"Done", "context":{"dataType":"Autofill", "deleted":"0", "process_failed_to_decrypt":"0", "process_pending_decryption":"0", "process_success":"250", "total":"250"}}
{"logTime": "0918/185818", "correlationVector":"K2oEKlqxvmSPDdtXu4AxwZ.3","action":"GetUpdates Response", "result":"Success", "context":Received 250 update(s). cV=K2oEKlqxvmSPDdtXu4AxwZ.0;server=akswtt107000054;cloudType=Consumer;environment=Prod_southindia_prod-s01-004-apac-southindia;migrationStage=NotStarted Some updates remain.}
{"logTime": "0918/185818", "correlationVector":"jL51flpvuy92hp+N6zVyZb","action":"Initial GetUpdates", "result":"", "context":Reason: NEWLY_SUPPORTED_DATATYPE. cV=jL51flpvuy92hp+N6zVyZb}
{"logTime": "0918/185819", "correlationVector":"jL51flpvuy92hp+N6zVyZb.1","action":"SyncServerConnectionManagerRequest", "result":"SYNC_SERVER_OK", "context":{"environment":"Prod_southindia_prod-s01-004-apac-southindia", "migrationStage":"NotStarted", "server":"akswtt1070000bh"}}
{"logTime": "0918/185819", "correlationVector":"jL51flpvuy92hp+N6zVyZb.2","action":"ProcessGetUpdates", "result":"Done", "context":{"dataType":"Autofill", "deleted":"0", "process_failed_to_decrypt":"0", "process_pending_decryption":"0", "process_success":"250", "total":"250"}}
{"logTime": "0918/185819", "correlationVector":"jL51flpvuy92hp+N6zVyZb.3","action":"GetUpdates Response", "result":"Success", "context":Received 250 update(s). cV=jL51flpvuy92hp+N6zVyZb.0;server=akswtt1070000bh;cloudType=Consumer;environment=Prod_southindia_prod-s01-004-apac-southindia;migrationStage=NotStarted Some updates remain.}
{"logTime": "0918/185819", "correlationVector":"qy+jKERK0g0Wpx9ANGrRRb","action":"Initial GetUpdates", "result":"", "context":Reason: NEWLY_SUPPORTED_DATATYPE. cV=qy+jKERK0g0Wpx9ANGrRRb}
{"logTime": "0918/185821", "correlationVector":"qy+jKERK0g0Wpx9ANGrRRb.1","action":"SyncServerConnectionManagerRequest", "result":"SYNC_SERVER_OK", "context":{"environment":"Prod_southindia_prod-s01-004-apac-southindia", "migrationStage":"NotStarted", "server":"akswtt107000060"}}
{"logTime": "0918/185821", "correlationVector":"qy+jKERK0g0Wpx9ANGrRRb.2","action":"ProcessGetUpdates", "result":"Done", "context":{"dataType":"Autofill", "deleted":"0", "process_failed_to_decrypt":"0", "process_pending_decryption":"0", "process_success":"250", "total":"250"}}
{"logTime": "0918/185821", "correlationVector":"qy+jKERK0g0Wpx9ANGrRRb.3","action":"GetUpdates Response", "result":"Success", "context":Received 250 update(s). cV=qy+jKERK0g0Wpx9ANGrRRb.0;server=akswtt107000060;cloudType=Consumer;environment=Prod_southindia_prod-s01-004-apac-southindia;migrationStage=NotStarted Some updates remain.}
{"logTime": "0918/185821", "correlationVector":"DmfBfgbTLvqkj3K9AvOQu7","action":"Initial GetUpdates", "result":"", "context":Reason: NEWLY_SUPPORTED_DATATYPE. cV=DmfBfgbTLvqkj3K9AvOQu7}
{"logTime": "0918/185822", "correlationVector":"DmfBfgbTLvqkj3K9AvOQu7.1","action":"SyncServerConnectionManagerRequest", "result":"SYNC_SERVER_OK", "context":{"environment":"Prod_southindia_prod-s01-004-apac-southindia", "migrationStage":"NotStarted", "server":"akswtt107000059"}}
{"logTime": "0918/185822", "correlationVector":"DmfBfgbTLvqkj3K9AvOQu7.2","action":"ProcessGetUpdates", "result":"Done", "context":{"dataType":"Preferences", "deleted":"0", "process_failed_to_decrypt":"0", "process_pending_decryption":"0", "process_success":"1", "total":"1"}}
{"logTime": "0918/185822", "correlationVector":"DmfBfgbTLvqkj3K9AvOQu7.3","action":"ProcessGetUpdates", "result":"Done", "context":{"dataType":"Autofill", "deleted":"0", "process_failed_to_decrypt":"0", "process_pending_decryption":"0", "process_success":"249", "total":"249"}}
{"logTime": "0918/185822", "correlationVector":"DmfBfgbTLvqkj3K9AvOQu7.4","action":"GetUpdates Response", "result":"Success", "context":Received 250 update(s). cV=DmfBfgbTLvqkj3K9AvOQu7.0;server=akswtt107000059;cloudType=Consumer;environment=Prod_southindia_prod-s01-004-apac-southindia;migrationStage=NotStarted Some updates remain.}
{"logTime": "0918/185822", "correlationVector":"/xiwIIlhD7trnrDWsSpaCE","action":"Initial GetUpdates", "result":"", "context":Reason: NEWLY_SUPPORTED_DATATYPE. cV=/xiwIIlhD7trnrDWsSpaCE}
{"logTime": "0918/185825", "correlationVector":"/xiwIIlhD7trnrDWsSpaCE.1","action":"SyncServerConnectionManagerRequest", "result":"SYNC_SERVER_OK", "context":{"environment":"Prod_southindia_prod-s01-004-apac-southindia", "migrationStage":"NotStarted", "server":"akswtt10700006t"}}
{"logTime": "0918/185825", "correlationVector":"/xiwIIlhD7trnrDWsSpaCE.2","action":"ProcessGetUpdates", "result":"Done", "context":{"dataType":"Preferences", "deleted":"0", "process_failed_to_decrypt":"0", "process_pending_decryption":"0", "process_success":"1", "total":"1"}}
{"logTime": "0918/185825", "correlationVector":"/xiwIIlhD7trnrDWsSpaCE.3","action":"ProcessGetUpdates", "result":"Done", "context":{"dataType":"Autofill Profiles", "deleted":"2", "process_failed_to_decrypt":"0", "process_pending_decryption":"0", "process_success":"2", "total":"2"}}
{"logTime": "0918/185825", "correlationVector":"/xiwIIlhD7trnrDWsSpaCE.4","action":"ProcessGetUpdates", "result":"Done", "context":{"dataType":"Autofill", "deleted":"0", "process_failed_to_decrypt":"0", "process_pending_decryption":"0", "process_success":"118", "total":"118"}}
{"logTime": "0918/185825", "correlationVector":"/xiwIIlhD7trnrDWsSpaCE.5","action":"ProcessGetUpdates", "result":"Done", "context":{"dataType":"Sessions", "deleted":"129", "process_failed_to_decrypt":"0", "process_pending_decryption":"0", "process_success":"129", "total":"129"}}
{"logTime": "0918/185825", "correlationVector":"/xiwIIlhD7trnrDWsSpaCE.6","action":"GetUpdates Response", "result":"Success", "context":Received 250 update(s). cV=/xiwIIlhD7trnrDWsSpaCE.0;server=akswtt10700006t;cloudType=Consumer;environment=Prod_southindia_prod-s01-004-apac-southindia;migrationStage=NotStarted Some updates remain.}
{"logTime": "0918/185825", "correlationVector":"ahRy2yAZFikWvZah2c8eJL","action":"Initial GetUpdates", "result":"", "context":Reason: NEWLY_SUPPORTED_DATATYPE. cV=ahRy2yAZFikWvZah2c8eJL}
{"logTime": "0918/185827", "correlationVector":"ahRy2yAZFikWvZah2c8eJL.1","action":"SyncServerConnectionManagerRequest", "result":"SYNC_SERVER_OK", "context":{"environment":"Prod_southindia_prod-s01-004-apac-southindia", "migrationStage":"NotStarted", "server":"akswtt107000051"}}
{"logTime": "0918/185827", "correlationVector":"ahRy2yAZFikWvZah2c8eJL.2","action":"ProcessGetUpdates", "result":"Done", "context":{"dataType":"Preferences", "deleted":"0", "process_failed_to_decrypt":"0", "process_pending_decryption":"0", "process_success":"1", "total":"1"}}
{"logTime": "0918/185827", "correlationVector":"ahRy2yAZFikWvZah2c8eJL.3","action":"ProcessGetUpdates", "result":"Done", "context":{"dataType":"Autofill Profiles", "deleted":"1", "process_failed_to_decrypt":"0", "process_pending_decryption":"0", "process_success":"2", "total":"2"}}
{"logTime": "0918/185827", "correlationVector":"ahRy2yAZFikWvZah2c8eJL.4","action":"ProcessGetUpdates", "result":"Done", "context":{"dataType":"Autofill", "deleted":"0", "process_failed_to_decrypt":"0", "process_pending_decryption":"0", "process_success":"52", "total":"52"}}
{"logTime": "0918/185827", "correlationVector":"ahRy2yAZFikWvZah2c8eJL.5","action":"ProcessGetUpdates", "result":"Done", "context":{"dataType":"Extensions", "deleted":"0", "process_failed_to_decrypt":"0", "process_pending_decryption":"0", "process_success":"1", "total":"1"}}
{"logTime": "0918/185827", "correlationVector":"ahRy2yAZFikWvZah2c8eJL.6","action":"ProcessGetUpdates", "result":"Done", "context":{"dataType":"Sessions", "deleted":"193", "process_failed_to_decrypt":"0", "process_pending_decryption":"0", "process_success":"193", "total":"193"}}
{"logTime": "0918/185827", "correlationVector":"ahRy2yAZFikWvZah2c8eJL.7","action":"ProcessGetUpdates", "result":"Done", "context":{"dataType":"Edge Hub App Usage", "deleted":"0", "process_failed_to_decrypt":"0", "process_pending_decryption":"0", "process_success":"1", "total":"1"}}
{"logTime": "0918/185827", "correlationVector":"ahRy2yAZFikWvZah2c8eJL.8","action":"GetUpdates Response", "result":"Success", "context":Received 250 update(s). cV=ahRy2yAZFikWvZah2c8eJL.0;server=akswtt107000051;cloudType=Consumer;environment=Prod_southindia_prod-s01-004-apac-southindia;migrationStage=NotStarted Some updates remain.}
{"logTime": "0918/185827", "correlationVector":"FQdUAUtQ9TJp8ukLyCPAQJ","action":"Initial GetUpdates", "result":"", "context":Reason: NEWLY_SUPPORTED_DATATYPE. cV=FQdUAUtQ9TJp8ukLyCPAQJ}
{"logTime": "0918/185828", "correlationVector":"FQdUAUtQ9TJp8ukLyCPAQJ.1","action":"SyncServerConnectionManagerRequest", "result":"SYNC_SERVER_OK", "context":{"environment":"Prod_southindia_prod-s01-004-apac-southindia", "migrationStage":"NotStarted", "server":"akswtt10700006t"}}
{"logTime": "0918/185828", "correlationVector":"FQdUAUtQ9TJp8ukLyCPAQJ.2","action":"ProcessGetUpdates", "result":"Done", "context":{"dataType":"Bookmarks", "deleted":"0", "process_failed_to_decrypt":"0", "process_pending_decryption":"0", "process_success":"3", "total":"3"}}
{"logTime": "0918/185828", "correlationVector":"FQdUAUtQ9TJp8ukLyCPAQJ.3","action":"ProcessGetUpdates", "result":"Done", "context":{"dataType":"Preferences", "deleted":"0", "process_failed_to_decrypt":"0", "process_pending_decryption":"0", "process_success":"2", "total":"2"}}
{"logTime": "0918/185828", "correlationVector":"FQdUAUtQ9TJp8ukLyCPAQJ.4","action":"ProcessGetUpdates", "result":"Done", "context":{"dataType":"Autofill", "deleted":"0", "process_failed_to_decrypt":"0", "process_pending_decryption":"0", "process_success":"27", "total":"27"}}
{"logTime": "0918/185828", "correlationVector":"FQdUAUtQ9TJp8ukLyCPAQJ.5","action":"ProcessGetUpdates", "result":"Done", "context":{"dataType":"Sessions", "deleted":"218", "process_failed_to_decrypt":"0", "process_pending_decryption":"0", "process_success":"218", "total":"218"}}
{"logTime": "0918/185828", "correlationVector":"FQdUAUtQ9TJp8ukLyCPAQJ.6","action":"GetUpdates Response", "result":"Success", "context":Received 250 update(s). cV=FQdUAUtQ9TJp8ukLyCPAQJ.0;server=akswtt10700006t;cloudType=Consumer;environment=Prod_southindia_prod-s01-004-apac-southindia;migrationStage=NotStarted Some updates remain.}
{"logTime": "0918/185828", "correlationVector":"xeM5/21Q0QaqcXVmevGPgC","action":"Initial GetUpdates", "result":"", "context":Reason: NEWLY_SUPPORTED_DATATYPE. cV=xeM5/21Q0QaqcXVmevGPgC}
{"logTime": "0918/185830", "correlationVector":"xeM5/21Q0QaqcXVmevGPgC.1","action":"SyncServerConnectionManagerRequest", "result":"SYNC_SERVER_OK", "context":{"environment":"Prod_southindia_prod-s01-004-apac-southindia", "migrationStage":"NotStarted", "server":"akswtt1070000bh"}}
{"logTime": "0918/185830", "correlationVector":"xeM5/21Q0QaqcXVmevGPgC.2","action":"ProcessGetUpdates", "result":"Done", "context":{"dataType":"Bookmarks", "deleted":"0", "process_failed_to_decrypt":"0", "process_pending_decryption":"0", "process_success":"1", "total":"1"}}
{"logTime": "0918/185830", "correlationVector":"xeM5/21Q0QaqcXVmevGPgC.3","action":"ProcessGetUpdates", "result":"Done", "context":{"dataType":"Preferences", "deleted":"0", "process_failed_to_decrypt":"0", "process_pending_decryption":"0", "process_success":"3", "total":"3"}}
{"logTime": "0918/185830", "correlationVector":"xeM5/21Q0QaqcXVmevGPgC.4","action":"ProcessGetUpdates", "result":"Done", "context":{"dataType":"Autofill", "deleted":"0", "process_failed_to_decrypt":"0", "process_pending_decryption":"0", "process_success":"38", "total":"38"}}
{"logTime": "0918/185830", "correlationVector":"xeM5/21Q0QaqcXVmevGPgC.5","action":"ProcessGetUpdates", "result":"Done", "context":{"dataType":"Extensions", "deleted":"0", "process_failed_to_decrypt":"0", "process_pending_decryption":"0", "process_success":"1", "total":"1"}}
{"logTime": "0918/185830", "correlationVector":"xeM5/21Q0QaqcXVmevGPgC.6","action":"ProcessGetUpdates", "result":"Done", "context":{"dataType":"Sessions", "deleted":"206", "process_failed_to_decrypt":"0", "process_pending_decryption":"0", "process_success":"206", "total":"206"}}
{"logTime": "0918/185830", "correlationVector":"xeM5/21Q0QaqcXVmevGPgC.7","action":"ProcessGetUpdates", "result":"Done", "context":{"dataType":"Edge Hub App Usage", "deleted":"1", "process_failed_to_decrypt":"0", "process_pending_decryption":"0", "process_success":"1", "total":"1"}}
{"logTime": "0918/185830", "correlationVector":"xeM5/21Q0QaqcXVmevGPgC.8","action":"GetUpdates Response", "result":"Success", "context":Received 250 update(s). cV=xeM5/21Q0QaqcXVmevGPgC.0;server=akswtt1070000bh;cloudType=Consumer;environment=Prod_southindia_prod-s01-004-apac-southindia;migrationStage=NotStarted Some updates remain.}
{"logTime": "0918/185830", "correlationVector":"BYJat8Ekppjd/nuJXf2aTR","action":"Initial GetUpdates", "result":"", "context":Reason: NEWLY_SUPPORTED_DATATYPE. cV=BYJat8Ekppjd/nuJXf2aTR}
{"logTime": "0918/185833", "correlationVector":"BYJat8Ekppjd/nuJXf2aTR.1","action":"SyncServerConnectionManagerRequest", "result":"SYNC_SERVER_OK", "context":{"environment":"Prod_southindia_prod-s01-004-apac-southindia", "migrationStage":"NotStarted", "server":"akswtt107000064"}}
{"logTime": "0918/185833", "correlationVector":"BYJat8Ekppjd/nuJXf2aTR.2","action":"ProcessGetUpdates", "result":"Done", "context":{"dataType":"Autofill", "deleted":"0", "process_failed_to_decrypt":"0", "process_pending_decryption":"0", "process_success":"5", "total":"5"}}
{"logTime": "0918/185833", "correlationVector":"BYJat8Ekppjd/nuJXf2aTR.3","action":"ProcessGetUpdates", "result":"Done", "context":{"dataType":"Sessions", "deleted":"244", "process_failed_to_decrypt":"0", "process_pending_decryption":"0", "process_success":"244", "total":"244"}}
{"logTime": "0918/185833", "correlationVector":"BYJat8Ekppjd/nuJXf2aTR.4","action":"ProcessGetUpdates", "result":"Done", "context":{"dataType":"Edge Hub App Usage", "deleted":"0", "process_failed_to_decrypt":"0", "process_pending_decryption":"0", "process_success":"1", "total":"1"}}
{"logTime": "0918/185833", "correlationVector":"BYJat8Ekppjd/nuJXf2aTR.5","action":"GetUpdates Response", "result":"Success", "context":Received 250 update(s). cV=BYJat8Ekppjd/nuJXf2aTR.0;server=akswtt107000064;cloudType=Consumer;environment=Prod_southindia_prod-s01-004-apac-southindia;migrationStage=NotStarted Some updates remain.}
{"logTime": "0918/185833", "correlationVector":"YEUKm5K7L+7zTzrZ+Va2tZ","action":"Initial GetUpdates", "result":"", "context":Reason: NEWLY_SUPPORTED_DATATYPE. cV=YEUKm5K7L+7zTzrZ+Va2tZ}
{"logTime": "0918/185835", "correlationVector":"YEUKm5K7L+7zTzrZ+Va2tZ.1","action":"SyncServerConnectionManagerRequest", "result":"SYNC_SERVER_OK", "context":{"environment":"Prod_southindia_prod-s01-004-apac-southindia", "migrationStage":"NotStarted", "server":"akswtt107000051"}}
{"logTime": "0918/185835", "correlationVector":"YEUKm5K7L+7zTzrZ+Va2tZ.2","action":"ProcessGetUpdates", "result":"Done", "context":{"dataType":"Bookmarks", "deleted":"0", "process_failed_to_decrypt":"0", "process_pending_decryption":"0", "process_success":"1", "total":"1"}}
{"logTime": "0918/185835", "correlationVector":"YEUKm5K7L+7zTzrZ+Va2tZ.3","action":"ProcessGetUpdates", "result":"Done", "context":{"dataType":"Autofill", "deleted":"0", "process_failed_to_decrypt":"0", "process_pending_decryption":"0", "process_success":"3", "total":"3"}}
{"logTime": "0918/185835", "correlationVector":"YEUKm5K7L+7zTzrZ+Va2tZ.4","action":"ProcessGetUpdates", "result":"Done", "context":{"dataType":"Sessions", "deleted":"245", "process_failed_to_decrypt":"0", "process_pending_decryption":"0", "process_success":"245", "total":"245"}}
{"logTime": "0918/185835", "correlationVector":"YEUKm5K7L+7zTzrZ+Va2tZ.5","action":"ProcessGetUpdates", "result":"Done", "context":{"dataType":"Edge Hub App Usage", "deleted":"1", "process_failed_to_decrypt":"0", "process_pending_decryption":"0", "process_success":"1", "total":"1"}}
{"logTime": "0918/185835", "correlationVector":"YEUKm5K7L+7zTzrZ+Va2tZ.6","action":"GetUpdates Response", "result":"Success", "context":Received 250 update(s). cV=YEUKm5K7L+7zTzrZ+Va2tZ.0;server=akswtt107000051;cloudType=Consumer;environment=Prod_southindia_prod-s01-004-apac-southindia;migrationStage=NotStarted Some updates remain.}
{"logTime": "0918/185835", "correlationVector":"CEDe+OKh3a9vg7wsMjXPs7","action":"Initial GetUpdates", "result":"", "context":Reason: NEWLY_SUPPORTED_DATATYPE. cV=CEDe+OKh3a9vg7wsMjXPs7}
{"logTime": "0918/185837", "correlationVector":"CEDe+OKh3a9vg7wsMjXPs7.1","action":"SyncServerConnectionManagerRequest", "result":"SYNC_SERVER_OK", "context":{"environment":"Prod_southindia_prod-s01-004-apac-southindia", "migrationStage":"NotStarted", "server":"akswtt1070000bh"}}
{"logTime": "0918/185837", "correlationVector":"CEDe+OKh3a9vg7wsMjXPs7.2","action":"ProcessGetUpdates", "result":"Done", "context":{"dataType":"Autofill", "deleted":"0", "process_failed_to_decrypt":"0", "process_pending_decryption":"0", "process_success":"28", "total":"28"}}
{"logTime": "0918/185837", "correlationVector":"CEDe+OKh3a9vg7wsMjXPs7.3","action":"ProcessGetUpdates", "result":"Done", "context":{"dataType":"Sessions", "deleted":"222", "process_failed_to_decrypt":"0", "process_pending_decryption":"0", "process_success":"222", "total":"222"}}
{"logTime": "0918/185837", "correlationVector":"CEDe+OKh3a9vg7wsMjXPs7.4","action":"GetUpdates Response", "result":"Success", "context":Received 250 update(s). cV=CEDe+OKh3a9vg7wsMjXPs7.0;server=akswtt1070000bh;cloudType=Consumer;environment=Prod_southindia_prod-s01-004-apac-southindia;migrationStage=NotStarted Some updates remain.}
{"logTime": "0918/185837", "correlationVector":"G80dY3GR/kTLe3z3gzbmgQ","action":"Initial GetUpdates", "result":"", "context":Reason: NEWLY_SUPPORTED_DATATYPE. cV=G80dY3GR/kTLe3z3gzbmgQ}
{"logTime": "0918/185840", "correlationVector":"G80dY3GR/kTLe3z3gzbmgQ.1","action":"SyncServerConnectionManagerRequest", "result":"SYNC_SERVER_OK", "context":{"environment":"Prod_southindia_prod-s01-004-apac-southindia", "migrationStage":"NotStarted", "server":"akswtt10700004p"}}
{"logTime": "0918/185840", "correlationVector":"G80dY3GR/kTLe3z3gzbmgQ.2","action":"ProcessGetUpdates", "result":"Done", "context":{"dataType":"Autofill Profiles", "deleted":"0", "process_failed_to_decrypt":"0", "process_pending_decryption":"0", "process_success":"1", "total":"1"}}
{"logTime": "0918/185840", "correlationVector":"G80dY3GR/kTLe3z3gzbmgQ.3","action":"ProcessGetUpdates", "result":"Done", "context":{"dataType":"Autofill", "deleted":"0", "process_failed_to_decrypt":"0", "process_pending_decryption":"0", "process_success":"32", "total":"32"}}
{"logTime": "0918/185840", "correlationVector":"G80dY3GR/kTLe3z3gzbmgQ.4","action":"ProcessGetUpdates", "result":"Done", "context":{"dataType":"Sessions", "deleted":"217", "process_failed_to_decrypt":"0", "process_pending_decryption":"0", "process_success":"217", "total":"217"}}
{"logTime": "0918/185840", "correlationVector":"G80dY3GR/kTLe3z3gzbmgQ.5","action":"GetUpdates Response", "result":"Success", "context":Received 250 update(s). cV=G80dY3GR/kTLe3z3gzbmgQ.0;server=akswtt10700004p;cloudType=Consumer;environment=Prod_southindia_prod-s01-004-apac-southindia;migrationStage=NotStarted Some updates remain.}
{"logTime": "0918/185840", "correlationVector":"nYFe7SvSQz7ruFVklqnQxT","action":"Initial GetUpdates", "result":"", "context":Reason: NEWLY_SUPPORTED_DATATYPE. cV=nYFe7SvSQz7ruFVklqnQxT}
{"logTime": "0918/185842", "correlationVector":"nYFe7SvSQz7ruFVklqnQxT.1","action":"SyncServerConnectionManagerRequest", "result":"SYNC_SERVER_OK", "context":{"environment":"Prod_southindia_prod-s01-004-apac-southindia", "migrationStage":"NotStarted", "server":"akswtt107000064"}}
{"logTime": "0918/185842", "correlationVector":"nYFe7SvSQz7ruFVklqnQxT.2","action":"ProcessGetUpdates", "result":"Done", "context":{"dataType":"Autofill Profiles", "deleted":"0", "process_failed_to_decrypt":"0", "process_pending_decryption":"0", "process_success":"3", "total":"3"}}
{"logTime": "0918/185842", "correlationVector":"nYFe7SvSQz7ruFVklqnQxT.3","action":"ProcessGetUpdates", "result":"Done", "context":{"dataType":"Autofill", "deleted":"0", "process_failed_to_decrypt":"0", "process_pending_decryption":"0", "process_success":"39", "total":"39"}}
{"logTime": "0918/185842", "correlationVector":"nYFe7SvSQz7ruFVklqnQxT.4","action":"ProcessGetUpdates", "result":"Done", "context":{"dataType":"Sessions", "deleted":"201", "process_failed_to_decrypt":"0", "process_pending_decryption":"0", "process_success":"201", "total":"201"}}
{"logTime": "0918/185842", "correlationVector":"nYFe7SvSQz7ruFVklqnQxT.5","action":"ProcessGetUpdates", "result":"Done", "context":{"dataType":"Saved Tab Group", "deleted":"6", "process_failed_to_decrypt":"0", "process_pending_decryption":"0", "process_success":"7", "total":"7"}}
{"logTime": "0918/185842", "correlationVector":"nYFe7SvSQz7ruFVklqnQxT.6","action":"GetUpdates Response", "result":"Success", "context":Received 250 update(s). cV=nYFe7SvSQz7ruFVklqnQxT.0;server=akswtt107000064;cloudType=Consumer;environment=Prod_southindia_prod-s01-004-apac-southindia;migrationStage=NotStarted Some updates remain.}
{"logTime": "0918/185842", "correlationVector":"eEjKzh3icrLSmXxJdG7tjU","action":"Initial GetUpdates", "result":"", "context":Reason: NEWLY_SUPPORTED_DATATYPE. cV=eEjKzh3icrLSmXxJdG7tjU}
{"logTime": "0918/185844", "correlationVector":"eEjKzh3icrLSmXxJdG7tjU.1","action":"SyncServerConnectionManagerRequest", "result":"SYNC_SERVER_OK", "context":{"environment":"Prod_southindia_prod-s01-004-apac-southindia", "migrationStage":"NotStarted", "server":"akswtt107000043"}}
{"logTime": "0918/185844", "correlationVector":"eEjKzh3icrLSmXxJdG7tjU.2","action":"ProcessGetUpdates", "result":"Done", "context":{"dataType":"Autofill", "deleted":"0", "process_failed_to_decrypt":"0", "process_pending_decryption":"0", "process_success":"6", "total":"6"}}
{"logTime": "0918/185844", "correlationVector":"eEjKzh3icrLSmXxJdG7tjU.3","action":"ProcessGetUpdates", "result":"Done", "context":{"dataType":"Extensions", "deleted":"0", "process_failed_to_decrypt":"0", "process_pending_decryption":"0", "process_success":"1", "total":"1"}}
{"logTime": "0918/185844", "correlationVector":"eEjKzh3icrLSmXxJdG7tjU.4","action":"ProcessGetUpdates", "result":"Done", "context":{"dataType":"Sessions", "deleted":"241", "process_failed_to_decrypt":"0", "process_pending_decryption":"0", "process_success":"241", "total":"241"}}
{"logTime": "0918/185844", "correlationVector":"eEjKzh3icrLSmXxJdG7tjU.5","action":"ProcessGetUpdates", "result":"Done", "context":{"dataType":"Edge Hub App Usage", "deleted":"1", "process_failed_to_decrypt":"0", "process_pending_decryption":"0", "process_success":"2", "total":"2"}}
{"logTime": "0918/185844", "correlationVector":"eEjKzh3icrLSmXxJdG7tjU.6","action":"GetUpdates Response", "result":"Success", "context":Received 250 update(s). cV=eEjKzh3icrLSmXxJdG7tjU.0;server=akswtt107000043;cloudType=Consumer;environment=Prod_southindia_prod-s01-004-apac-southindia;migrationStage=NotStarted Some updates remain.}
{"logTime": "0918/185844", "correlationVector":"m2YI7ldAb4Qxb7BM+5vCow","action":"Initial GetUpdates", "result":"", "context":Reason: NEWLY_SUPPORTED_DATATYPE. cV=m2YI7ldAb4Qxb7BM+5vCow}
{"logTime": "0918/185845", "correlationVector":"m2YI7ldAb4Qxb7BM+5vCow.1","action":"SyncServerConnectionManagerRequest", "result":"SYNC_SERVER_OK", "context":{"environment":"Prod_southindia_prod-s01-004-apac-southindia", "migrationStage":"NotStarted", "server":"akswtt107000051"}}
{"logTime": "0918/185845", "correlationVector":"m2YI7ldAb4Qxb7BM+5vCow.2","action":"ProcessGetUpdates", "result":"Done", "context":{"dataType":"Preferences", "deleted":"0", "process_failed_to_decrypt":"0", "process_pending_decryption":"0", "process_success":"1", "total":"1"}}
{"logTime": "0918/185845", "correlationVector":"m2YI7ldAb4Qxb7BM+5vCow.3","action":"ProcessGetUpdates", "result":"Done", "context":{"dataType":"Autofill Profiles", "deleted":"1", "process_failed_to_decrypt":"0", "process_pending_decryption":"0", "process_success":"2", "total":"2"}}
{"logTime": "0918/185845", "correlationVector":"m2YI7ldAb4Qxb7BM+5vCow.4","action":"ProcessGetUpdates", "result":"Done", "context":{"dataType":"Autofill", "deleted":"0", "process_failed_to_decrypt":"0", "process_pending_decryption":"0", "process_success":"6", "total":"6"}}
{"logTime": "0918/185845", "correlationVector":"m2YI7ldAb4Qxb7BM+5vCow.5","action":"ProcessGetUpdates", "result":"Done", "context":{"dataType":"Extensions", "deleted":"0", "process_failed_to_decrypt":"0", "process_pending_decryption":"0", "process_success":"1", "total":"1"}}
{"logTime": "0918/185845", "correlationVector":"m2YI7ldAb4Qxb7BM+5vCow.6","action":"ProcessGetUpdates", "result":"Done", "context":{"dataType":"Sessions", "deleted":"216", "process_failed_to_decrypt":"0", "process_pending_decryption":"0", "process_success":"216", "total":"216"}}
{"logTime": "0918/185845", "correlationVector":"m2YI7ldAb4Qxb7BM+5vCow.7","action":"ProcessGetUpdates", "result":"Done", "context":{"dataType":"Saved Tab Group", "deleted":"24", "process_failed_to_decrypt":"0", "process_pending_decryption":"0", "process_success":"24", "total":"24"}}
{"logTime": "0918/185845", "correlationVector":"m2YI7ldAb4Qxb7BM+5vCow.8","action":"GetUpdates Response", "result":"Success", "context":Received 250 update(s). cV=m2YI7ldAb4Qxb7BM+5vCow.0;server=akswtt107000051;cloudType=Consumer;environment=Prod_southindia_prod-s01-004-apac-southindia;migrationStage=NotStarted Some updates remain.}
{"logTime": "0918/185845", "correlationVector":"Dx8mwA74D6OuhfefBpKJxp","action":"Initial GetUpdates", "result":"", "context":Reason: NEWLY_SUPPORTED_DATATYPE. cV=Dx8mwA74D6OuhfefBpKJxp}
{"logTime": "0918/185847", "correlationVector":"Dx8mwA74D6OuhfefBpKJxp.1","action":"SyncServerConnectionManagerRequest", "result":"SYNC_SERVER_OK", "context":{"environment":"Prod_southindia_prod-s01-004-apac-southindia", "migrationStage":"NotStarted", "server":"akswtt10700004e"}}
{"logTime": "0918/185847", "correlationVector":"Dx8mwA74D6OuhfefBpKJxp.2","action":"ProcessGetUpdates", "result":"Done", "context":{"dataType":"Preferences", "deleted":"0", "process_failed_to_decrypt":"0", "process_pending_decryption":"0", "process_success":"6", "total":"6"}}
{"logTime": "0918/185847", "correlationVector":"Dx8mwA74D6OuhfefBpKJxp.3","action":"ProcessGetUpdates", "result":"Done", "context":{"dataType":"Autofill Profiles", "deleted":"0", "process_failed_to_decrypt":"0", "process_pending_decryption":"0", "process_success":"1", "total":"1"}}
{"logTime": "0918/185847", "correlationVector":"Dx8mwA74D6OuhfefBpKJxp.4","action":"ProcessGetUpdates", "result":"Done", "context":{"dataType":"Autofill", "deleted":"0", "process_failed_to_decrypt":"0", "process_pending_decryption":"0", "process_success":"28", "total":"28"}}
{"logTime": "0918/185847", "correlationVector":"Dx8mwA74D6OuhfefBpKJxp.5","action":"ProcessGetUpdates", "result":"Done", "context":{"dataType":"Sessions", "deleted":"193", "process_failed_to_decrypt":"0", "process_pending_decryption":"0", "process_success":"199", "total":"199"}}
{"logTime": "0918/185847", "correlationVector":"Dx8mwA74D6OuhfefBpKJxp.6","action":"ProcessGetUpdates", "result":"Done", "context":{"dataType":"History Delete Directives", "deleted":"0", "process_failed_to_decrypt":"0", "process_pending_decryption":"0", "process_success":"3", "total":"3"}}
{"logTime": "0918/185847", "correlationVector":"Dx8mwA74D6OuhfefBpKJxp.7","action":"GetUpdates Response", "result":"Success", "context":Received 237 update(s). cV=Dx8mwA74D6OuhfefBpKJxp.0;server=akswtt10700004e;cloudType=Consumer;environment=Prod_southindia_prod-s01-004-apac-southindia;migrationStage=NotStarted}
{"logTime": "0918/185849", "correlationVector":"NQR7yYkbAHm4mGBKoUaGT6","action":"Initial GetUpdates", "result":"", "context":Reason: NEWLY_SUPPORTED_DATATYPE. cV=NQR7yYkbAHm4mGBKoUaGT6}
{"logTime": "0918/185851", "correlationVector":"NQR7yYkbAHm4mGBKoUaGT6.1","action":"SyncServerConnectionManagerRequest", "result":"SYNC_SERVER_OK", "context":{"environment":"Prod_southindia_prod-s01-004-apac-southindia", "migrationStage":"NotStarted", "server":"akswtt1070000bf"}}
{"logTime": "0918/185851", "correlationVector":"NQR7yYkbAHm4mGBKoUaGT6.2","action":"ProcessGetUpdates", "result":"Done", "context":{"dataType":"History", "deleted":"0", "process_failed_to_decrypt":"0", "process_pending_decryption":"0", "process_success":"250", "total":"250"}}
{"logTime": "0918/185851", "correlationVector":"NQR7yYkbAHm4mGBKoUaGT6.3","action":"GetUpdates Response", "result":"Success", "context":Received 250 update(s). cV=NQR7yYkbAHm4mGBKoUaGT6.0;server=akswtt1070000bf;cloudType=Consumer;environment=Prod_southindia_prod-s01-004-apac-southindia;migrationStage=NotStarted Some updates remain.}
{"logTime": "0918/185851", "correlationVector":"WGSnqdKqRoYjno38h8mezP","action":"Initial GetUpdates", "result":"", "context":Reason: NEWLY_SUPPORTED_DATATYPE. cV=WGSnqdKqRoYjno38h8mezP}
{"logTime": "0918/185853", "correlationVector":"WGSnqdKqRoYjno38h8mezP.1","action":"SyncServerConnectionManagerRequest", "result":"SYNC_SERVER_OK", "context":{"environment":"Prod_southindia_prod-s01-004-apac-southindia", "migrationStage":"NotStarted", "server":"akswtt10700006t"}}
{"logTime": "0918/185853", "correlationVector":"WGSnqdKqRoYjno38h8mezP.2","action":"ProcessGetUpdates", "result":"Done", "context":{"dataType":"History", "deleted":"0", "process_failed_to_decrypt":"0", "process_pending_decryption":"0", "process_success":"250", "total":"250"}}
{"logTime": "0918/185853", "correlationVector":"WGSnqdKqRoYjno38h8mezP.3","action":"GetUpdates Response", "result":"Success", "context":Received 250 update(s). cV=WGSnqdKqRoYjno38h8mezP.0;server=akswtt10700006t;cloudType=Consumer;environment=Prod_southindia_prod-s01-004-apac-southindia;migrationStage=NotStarted Some updates remain.}
{"logTime": "0918/185853", "correlationVector":"suca+ja5AuuoZdPD4zUHB3","action":"Initial GetUpdates", "result":"", "context":Reason: NEWLY_SUPPORTED_DATATYPE. cV=suca+ja5AuuoZdPD4zUHB3}
{"logTime": "0918/185854", "correlationVector":"suca+ja5AuuoZdPD4zUHB3.1","action":"SyncServerConnectionManagerRequest", "result":"SYNC_SERVER_OK", "context":{"environment":"Prod_southindia_prod-s01-004-apac-southindia", "migrationStage":"NotStarted", "server":"akswtt107000043"}}
{"logTime": "0918/185854", "correlationVector":"suca+ja5AuuoZdPD4zUHB3.2","action":"ProcessGetUpdates", "result":"Done", "context":{"dataType":"History", "deleted":"0", "process_failed_to_decrypt":"0", "process_pending_decryption":"0", "process_success":"250", "total":"250"}}
{"logTime": "0918/185854", "correlationVector":"suca+ja5AuuoZdPD4zUHB3.3","action":"GetUpdates Response", "result":"Success", "context":Received 250 update(s). cV=suca+ja5AuuoZdPD4zUHB3.0;server=akswtt107000043;cloudType=Consumer;environment=Prod_southindia_prod-s01-004-apac-southindia;migrationStage=NotStarted Some updates remain.}
{"logTime": "0918/185854", "correlationVector":"Z+4Ro+SC+JDrLa0TpFDJ5T","action":"Initial GetUpdates", "result":"", "context":Reason: NEWLY_SUPPORTED_DATATYPE. cV=Z+4Ro+SC+JDrLa0TpFDJ5T}
{"logTime": "0918/185855", "correlationVector":"Z+4Ro+SC+JDrLa0TpFDJ5T.1","action":"SyncServerConnectionManagerRequest", "result":"SYNC_SERVER_OK", "context":{"environment":"Prod_southindia_prod-s01-004-apac-southindia", "migrationStage":"NotStarted", "server":"akswtt10700004g"}}
{"logTime": "0918/185855", "correlationVector":"Z+4Ro+SC+JDrLa0TpFDJ5T.2","action":"ProcessGetUpdates", "result":"Done", "context":{"dataType":"History", "deleted":"0", "process_failed_to_decrypt":"0", "process_pending_decryption":"0", "process_success":"250", "total":"250"}}
{"logTime": "0918/185855", "correlationVector":"Z+4Ro+SC+JDrLa0TpFDJ5T.3","action":"GetUpdates Response", "result":"Success", "context":Received 250 update(s). cV=Z+4Ro+SC+JDrLa0TpFDJ5T.0;server=akswtt10700004g;cloudType=Consumer;environment=Prod_southindia_prod-s01-004-apac-southindia;migrationStage=NotStarted Some updates remain.}
{"logTime": "0918/185855", "correlationVector":"mLmhn1d1Z0fq9SsNqy698W","action":"Initial GetUpdates", "result":"", "context":Reason: NEWLY_SUPPORTED_DATATYPE. cV=mLmhn1d1Z0fq9SsNqy698W}
{"logTime": "0918/185857", "correlationVector":"mLmhn1d1Z0fq9SsNqy698W.1","action":"SyncServerConnectionManagerRequest", "result":"SYNC_SERVER_OK", "context":{"environment":"Prod_southindia_prod-s01-004-apac-southindia", "migrationStage":"NotStarted", "server":"akswtt10700004h"}}
{"logTime": "0918/185857", "correlationVector":"mLmhn1d1Z0fq9SsNqy698W.2","action":"ProcessGetUpdates", "result":"Done", "context":{"dataType":"History", "deleted":"0", "process_failed_to_decrypt":"0", "process_pending_decryption":"0", "process_success":"250", "total":"250"}}
{"logTime": "0918/185857", "correlationVector":"mLmhn1d1Z0fq9SsNqy698W.3","action":"GetUpdates Response", "result":"Success", "context":Received 250 update(s). cV=mLmhn1d1Z0fq9SsNqy698W.0;server=akswtt10700004h;cloudType=Consumer;environment=Prod_southindia_prod-s01-004-apac-southindia;migrationStage=NotStarted Some updates remain.}
{"logTime": "0918/185857", "correlationVector":"HqP18ThKWPUbIk5sYSUULv","action":"Initial GetUpdates", "result":"", "context":Reason: NEWLY_SUPPORTED_DATATYPE. cV=HqP18ThKWPUbIk5sYSUULv}
{"logTime": "0918/185858", "correlationVector":"HqP18ThKWPUbIk5sYSUULv.1","action":"SyncServerConnectionManagerRequest", "result":"SYNC_SERVER_OK", "context":{"environment":"Prod_southindia_prod-s01-004-apac-southindia", "migrationStage":"NotStarted", "server":"akswtt107000043"}}
{"logTime": "0918/185858", "correlationVector":"HqP18ThKWPUbIk5sYSUULv.2","action":"ProcessGetUpdates", "result":"Done", "context":{"dataType":"History", "deleted":"0", "process_failed_to_decrypt":"0", "process_pending_decryption":"0", "process_success":"250", "total":"250"}}
{"logTime": "0918/185941", "correlationVector":"Tmr+JMFQazqUzZ3Di+8hxA","action":"Initial GetUpdates", "result":"", "context":Reason: NEWLY_SUPPORTED_DATATYPE. cV=Tmr+JMFQazqUzZ3Di+8hxA}
{"logTime": "0918/185943", "correlationVector":"Tmr+JMFQazqUzZ3Di+8hxA.1","action":"SyncServerConnectionManagerRequest", "result":"SYNC_SERVER_OK", "context":{"environment":"Prod_southindia_prod-s01-004-apac-southindia", "migrationStage":"NotStarted", "server":"akswtt10700005k"}}
{"logTime": "0918/185943", "correlationVector":"Tmr+JMFQazqUzZ3Di+8hxA.2","action":"ProcessGetUpdates", "result":"Done", "context":{"dataType":"History", "deleted":"0", "process_failed_to_decrypt":"0", "process_pending_decryption":"0", "process_success":"250", "total":"250"}}
{"logTime": "0918/185943", "correlationVector":"Tmr+JMFQazqUzZ3Di+8hxA.3","action":"GetUpdates Response", "result":"Success", "context":Received 250 update(s). cV=Tmr+JMFQazqUzZ3Di+8hxA.0;server=akswtt10700005k;cloudType=Consumer;environment=Prod_southindia_prod-s01-004-apac-southindia;migrationStage=NotStarted Some updates remain.}
{"logTime": "0918/185943", "correlationVector":"CG+C9TOtHNWHieYNkvZWXz","action":"Initial GetUpdates", "result":"", "context":Reason: NEWLY_SUPPORTED_DATATYPE. cV=CG+C9TOtHNWHieYNkvZWXz}
{"logTime": "0918/185944", "correlationVector":"CG+C9TOtHNWHieYNkvZWXz.1","action":"SyncServerConnectionManagerRequest", "result":"SYNC_SERVER_OK", "context":{"environment":"Prod_southindia_prod-s01-004-apac-southindia", "migrationStage":"NotStarted", "server":"akswtt10700005d"}}
{"logTime": "0918/185944", "correlationVector":"CG+C9TOtHNWHieYNkvZWXz.2","action":"ProcessGetUpdates", "result":"Done", "context":{"dataType":"History", "deleted":"0", "process_failed_to_decrypt":"0", "process_pending_decryption":"0", "process_success":"250", "total":"250"}}
{"logTime": "0918/185944", "correlationVector":"CG+C9TOtHNWHieYNkvZWXz.3","action":"GetUpdates Response", "result":"Success", "context":Received 250 update(s). cV=CG+C9TOtHNWHieYNkvZWXz.0;server=akswtt10700005d;cloudType=Consumer;environment=Prod_southindia_prod-s01-004-apac-southindia;migrationStage=NotStarted Some updates remain.}
{"logTime": "0918/185944", "correlationVector":"FjqdH2Yxk1V0uShzrsJHsZ","action":"Initial GetUpdates", "result":"", "context":Reason: NEWLY_SUPPORTED_DATATYPE. cV=FjqdH2Yxk1V0uShzrsJHsZ}
