2026-09-18 18:57:49.384: [INFO] CurrentProfilePath: I:\QLSS_New_Version\.tmp\spacing-qa\profile\Default
2026-09-18 18:57:49.384: [INFO] Profiles total count: 1
2026-09-18 18:57:49.384: [INFO] Profile: name=Profile 1 path=I:\QLSS_New_Version\.tmp\spacing-qa\profile\Default lastActive=null
2026-09-18 18:57:49.384: [INFO] LastUsedProfileDir: I:\QLSS_New_Version\.tmp\spacing-qa\profile\Default
2026-09-18 18:57:49.384: [INFO] VisibilityChanged: 0
2026-09-18 18:57:49.396: [INFO] RecordSyncInitDuration has_sync_been_enabled: 0 state: 0
2026-09-18 18:57:49.397: [INFO] RecordSyncInitDuration has_sync_been_enabled: 0 state: 0
2026-09-18 18:57:49.397: [INFO] RecordSyncInitDuration has_sync_been_enabled: 0 state: 0
2026-09-18 18:57:49.397: [INFO] RecordSyncInitDuration has_sync_been_enabled: 0 state: 0
2026-09-18 18:57:49.397: [INFO] RecordSyncInitDuration has_sync_been_enabled: 0 state: 0
2026-09-18 18:57:49.397: [INFO] RecordSyncInitDuration has_sync_been_enabled: 0 state: 0
2026-09-18 18:57:49.398: [INFO] RecordSyncInitDuration has_sync_been_enabled: 0 state: 0
2026-09-18 18:57:49.398: [INFO] RecordSyncInitDuration has_sync_been_enabled: 0 state: 0
2026-09-18 18:57:49.398: [INFO] RecordSyncInitDuration has_sync_been_enabled: 0 state: 0
2026-09-18 18:57:49.398: [INFO] RecordSyncInitDuration has_sync_been_enabled: 0 state: 0
2026-09-18 18:57:49.409: [INFO] BookmarkNodeAdded, ABU: 0
2026-09-18 18:57:49.409: [INFO] BookmarkNodeAdded, ABU: 0
2026-09-18 18:57:49.409: [INFO] BookmarkNodeAdded, ABU: 0
2026-09-18 18:57:49.409: [INFO] OnDoneLoading sync enabled: 0
2026-09-18 18:57:49.409: [INFO] BookmarkModelLoaded, ids_reassigned: 0
2026-09-18 18:57:49.409: [INFO] BookmarksLoadDropped droppedNodes=0
2026-09-18 18:57:49.409: [INFO] BookmarksSnapshot Startup total=3 bar=3 other=0 mobile=0 showBar=0 showBarNTP=1
2026-09-18 18:57:50.705: [INFO] RecordSyncInitDuration has_sync_been_enabled: 0 state: 0
2026-09-18 18:57:52.781: [INFO] RecordSyncInitDuration has_sync_been_enabled: 0 state: 0
2026-09-18 18:57:52.783: [INFO] RecordSyncInitDuration has_sync_been_enabled: 0 state: 3
2026-09-18 18:57:52.786: [INFO] Primary account changed.
2026-09-18 18:57:52.786: [INFO] OnPrimaryAccountChanged PrimaryAccountChangeEvent::Type::kSet
2026-09-18 18:57:52.793: [INFO] RecordSyncInitDuration has_sync_been_enabled: 0 state: 3
2026-09-18 18:57:52.812: [INFO] RecordSyncInitDuration has_sync_been_enabled: 0 state: 3
2026-09-18 18:58:47.577: [INFO] BookmarkNodeAdded, ABU: 0
2026-09-18 18:58:47.577: [INFO] BookmarkNodeAdded, ABU: 0
2026-09-18 18:58:47.577: [INFO] BookmarkNodeAdded, ABU: 0
2026-09-18 18:58:47.577: [INFO] BookmarkNodeAdded, ABU: 0
2026-09-18 18:58:47.577: [INFO] BookmarkNodeAdded, ABU: 0
2026-09-18 18:58:47.577: [INFO] BookmarkNodeAdded, ABU: 0
2026-09-18 18:58:47.578: [INFO] BookmarkNodeAdded, ABU: 0
2026-09-18 18:58:47.578: [INFO] BookmarkNodeAdded, ABU: 0
2026-09-18 18:58:47.578: [INFO] BookmarkNodeAdded, ABU: 0
2026-09-18 18:58:47.578: [INFO] BookmarkNodeAdded, ABU: 0
2026-09-18 18:58:47.578: [INFO] BookmarkNodeAdded, ABU: 0
2026-09-18 18:58:47.578: [INFO] BookmarkNodeAdded, ABU: 0
2026-09-18 18:58:47.578: [INFO] BookmarkNodeAdded, ABU: 0
2026-09-18 18:58:47.579: [INFO] BookmarkNodeAdded, ABU: 0
2026-09-18 18:58:47.579: [INFO] BookmarkNodeAdded, ABU: 0
2026-09-18 18:58:47.579: [INFO] BookmarkNodeAdded, ABU: 0
2026-09-18 18:58:47.579: [INFO] BookmarkNodeAdded, ABU: 0
2026-09-18 18:58:47.580: [INFO] BookmarkNodeAdded, ABU: 0
2026-09-18 18:58:47.916: [INFO] BookmarkBarPrefChanged showBar=0 showBarNTP=0
2026-09-18 18:59:03.206: [INFO] BookmarksSnapshot Shutdown total=20 bar=16 other=0 mobile=2 showBar=0 showBarNTP=0
2026-09-18 18:59:39.980: [INFO] CurrentProfilePath: I:\QLSS_New_Version\.tmp\spacing-qa\profile\Default
2026-09-18 18:59:39.980: [INFO] Profiles total count: 1
2026-09-18 18:59:39.980: [INFO] Profile: name=Personal path=I:\QLSS_New_Version\.tmp\spacing-qa\profile\Default lastActive=2026-09-18T18:57:49.395Z
2026-09-18 18:59:39.980: [INFO] LastUsedProfileDir: I:\QLSS_New_Version\.tmp\spacing-qa\profile\Default
2026-09-18 18:59:39.980: [INFO] MostRecentlyActiveProfile: name=Personal path=I:\QLSS_New_Version\.tmp\spacing-qa\profile\Default lastActive=2026-09-18T18:57:49.395Z
2026-09-18 18:59:39.980: [INFO] VisibilityChanged: 0
2026-09-18 18:59:40.018: [INFO] OnDoneLoading sync enabled: 1
2026-09-18 18:59:40.018: [INFO] BookmarkModelLoaded, ids_reassigned: 0
2026-09-18 18:59:40.018: [INFO] BookmarksLoadDropped droppedNodes=0
2026-09-18 18:59:40.018: [INFO] BookmarksSnapshot Startup total=20 bar=16 other=0 mobile=2 showBar=0 showBarNTP=0
2026-09-18 18:59:53.105: [INFO] BookmarksSnapshot Shutdown total=20 bar=16 other=0 mobile=2 showBar=0 showBarNTP=0
